Archive member included because of file (symbol)

d:/tools/sdk/imt_sdk_win_64/imt_sdk_win_64/winavr/bin/../lib/gcc/avr/4.3.3/avr5\libgcc.a(_mulsi3.o)
                              ./HAL/HLCD/HLCD_Program.o (__mulsi3)
d:/tools/sdk/imt_sdk_win_64/imt_sdk_win_64/winavr/bin/../lib/gcc/avr/4.3.3/avr5\libgcc.a(_udivmodsi4.o)
                              ./HAL/HLCD/HLCD_Program.o (__udivmodsi4)
d:/tools/sdk/imt_sdk_win_64/imt_sdk_win_64/winavr/bin/../lib/gcc/avr/4.3.3/avr5\libgcc.a(_exit.o)
                              d:/tools/sdk/imt_sdk_win_64/imt_sdk_win_64/winavr/bin/../lib/gcc/avr/4.3.3/../../../../avr/lib/avr5/crtm32.o (exit)
d:/tools/sdk/imt_sdk_win_64/imt_sdk_win_64/winavr/bin/../lib/gcc/avr/4.3.3/avr5\libgcc.a(_copy_data.o)
                              ./HAL/HKeypad/HKeypad_Program.o (__do_copy_data)
d:/tools/sdk/imt_sdk_win_64/imt_sdk_win_64/winavr/bin/../lib/gcc/avr/4.3.3/avr5\libgcc.a(_clear_bss.o)
                              ./MCAL/TIMER/MTIMER_Program.o (__do_clear_bss)
d:/tools/sdk/imt_sdk_win_64/imt_sdk_win_64/winavr/bin/../lib/gcc/avr/4.3.3/avr5\libgcc.a(_fixunssfsi.o)
                              ./MCAL/TIMER/MTIMER_Program.o (__fixunssfsi)
d:/tools/sdk/imt_sdk_win_64/imt_sdk_win_64/winavr/bin/../lib/gcc/avr/4.3.3/avr5\libgcc.a(_addsub_sf.o)
                              ./MCAL/TIMER/MTIMER_Program.o (__subsf3)
d:/tools/sdk/imt_sdk_win_64/imt_sdk_win_64/winavr/bin/../lib/gcc/avr/4.3.3/avr5\libgcc.a(_mul_sf.o)
                              ./MCAL/TIMER/MTIMER_Program.o (__mulsf3)
d:/tools/sdk/imt_sdk_win_64/imt_sdk_win_64/winavr/bin/../lib/gcc/avr/4.3.3/avr5\libgcc.a(_div_sf.o)
                              ./MCAL/TIMER/MTIMER_Program.o (__divsf3)
d:/tools/sdk/imt_sdk_win_64/imt_sdk_win_64/winavr/bin/../lib/gcc/avr/4.3.3/avr5\libgcc.a(_gt_sf.o)
                              ./HAL/HLCD/HLCD_Program.o (__gtsf2)
d:/tools/sdk/imt_sdk_win_64/imt_sdk_win_64/winavr/bin/../lib/gcc/avr/4.3.3/avr5\libgcc.a(_ge_sf.o)
                              d:/tools/sdk/imt_sdk_win_64/imt_sdk_win_64/winavr/bin/../lib/gcc/avr/4.3.3/avr5\libgcc.a(_fixunssfsi.o) (__gesf2)
d:/tools/sdk/imt_sdk_win_64/imt_sdk_win_64/winavr/bin/../lib/gcc/avr/4.3.3/avr5\libgcc.a(_lt_sf.o)
                              ./HAL/HLCD/HLCD_Program.o (__ltsf2)
d:/tools/sdk/imt_sdk_win_64/imt_sdk_win_64/winavr/bin/../lib/gcc/avr/4.3.3/avr5\libgcc.a(_sf_to_si.o)
                              d:/tools/sdk/imt_sdk_win_64/imt_sdk_win_64/winavr/bin/../lib/gcc/avr/4.3.3/avr5\libgcc.a(_fixunssfsi.o) (__fixsfsi)
d:/tools/sdk/imt_sdk_win_64/imt_sdk_win_64/winavr/bin/../lib/gcc/avr/4.3.3/avr5\libgcc.a(_thenan_sf.o)
                              d:/tools/sdk/imt_sdk_win_64/imt_sdk_win_64/winavr/bin/../lib/gcc/avr/4.3.3/avr5\libgcc.a(_addsub_sf.o) (__thenan_sf)
d:/tools/sdk/imt_sdk_win_64/imt_sdk_win_64/winavr/bin/../lib/gcc/avr/4.3.3/avr5\libgcc.a(_usi_to_sf.o)
                              ./MCAL/TIMER/MTIMER_Program.o (__floatunsisf)
d:/tools/sdk/imt_sdk_win_64/imt_sdk_win_64/winavr/bin/../lib/gcc/avr/4.3.3/avr5\libgcc.a(_prologue.o)
                              d:/tools/sdk/imt_sdk_win_64/imt_sdk_win_64/winavr/bin/../lib/gcc/avr/4.3.3/avr5\libgcc.a(_addsub_sf.o) (__prologue_saves__)
d:/tools/sdk/imt_sdk_win_64/imt_sdk_win_64/winavr/bin/../lib/gcc/avr/4.3.3/avr5\libgcc.a(_epilogue.o)
                              d:/tools/sdk/imt_sdk_win_64/imt_sdk_win_64/winavr/bin/../lib/gcc/avr/4.3.3/avr5\libgcc.a(_addsub_sf.o) (__epilogue_restores__)
d:/tools/sdk/imt_sdk_win_64/imt_sdk_win_64/winavr/bin/../lib/gcc/avr/4.3.3/avr5\libgcc.a(_clzsi2.o)
                              d:/tools/sdk/imt_sdk_win_64/imt_sdk_win_64/winavr/bin/../lib/gcc/avr/4.3.3/avr5\libgcc.a(_usi_to_sf.o) (__clzsi2)
d:/tools/sdk/imt_sdk_win_64/imt_sdk_win_64/winavr/bin/../lib/gcc/avr/4.3.3/avr5\libgcc.a(_pack_sf.o)
                              d:/tools/sdk/imt_sdk_win_64/imt_sdk_win_64/winavr/bin/../lib/gcc/avr/4.3.3/avr5\libgcc.a(_addsub_sf.o) (__pack_f)
d:/tools/sdk/imt_sdk_win_64/imt_sdk_win_64/winavr/bin/../lib/gcc/avr/4.3.3/avr5\libgcc.a(_unpack_sf.o)
                              d:/tools/sdk/imt_sdk_win_64/imt_sdk_win_64/winavr/bin/../lib/gcc/avr/4.3.3/avr5\libgcc.a(_addsub_sf.o) (__unpack_f)
d:/tools/sdk/imt_sdk_win_64/imt_sdk_win_64/winavr/bin/../lib/gcc/avr/4.3.3/avr5\libgcc.a(_fpcmp_parts_sf.o)
                              d:/tools/sdk/imt_sdk_win_64/imt_sdk_win_64/winavr/bin/../lib/gcc/avr/4.3.3/avr5\libgcc.a(_gt_sf.o) (__fpcmp_parts_f)
d:/tools/sdk/imt_sdk_win_64/imt_sdk_win_64/winavr/bin/../lib/gcc/avr/4.3.3/avr5\libgcc.a(_clz.o)
                              d:/tools/sdk/imt_sdk_win_64/imt_sdk_win_64/winavr/bin/../lib/gcc/avr/4.3.3/avr5\libgcc.a(_clzsi2.o) (__clz_tab)

Memory Configuration

Name             Origin             Length             Attributes
text             0x00000000         0x00020000         xr
data             0x00800060         0x0000ffa0         rw !x
eeprom           0x00810000         0x00010000         rw !x
fuse             0x00820000         0x00000400         rw !x
lock             0x00830000         0x00000400         rw !x
signature        0x00840000         0x00000400         rw !x
*default*        0x00000000         0xffffffff

Linker script and memory map

LOAD d:/tools/sdk/imt_sdk_win_64/imt_sdk_win_64/winavr/bin/../lib/gcc/avr/4.3.3/../../../../avr/lib/avr5/crtm32.o
LOAD ./MCAL/TIMER/MTIMER_Program.o
LOAD ./MCAL/MDIO/MDIO_Program.o
LOAD ./MCAL/GIE/MGIE_Program.o
LOAD ./MCAL/External Interrupt/MEXTI_Program.o
LOAD ./MCAL/ADC/MADC_Program.o
LOAD ./HAL/HLED/HLED_Program.o
LOAD ./HAL/HLCD/HLCD_Program.o
LOAD ./HAL/HKeypad/HKeypad_Program.o
LOAD ./HAL/HDIP_SWITCH/HDIP_SWITCH_Program.o
LOAD ./APP/main.o
LOAD d:/tools/sdk/imt_sdk_win_64/imt_sdk_win_64/winavr/bin/../lib/gcc/avr/4.3.3/avr5\libgcc.a
LOAD d:/tools/sdk/imt_sdk_win_64/imt_sdk_win_64/winavr/bin/../lib/gcc/avr/4.3.3/../../../../avr/lib/avr5\libc.a
LOAD d:/tools/sdk/imt_sdk_win_64/imt_sdk_win_64/winavr/bin/../lib/gcc/avr/4.3.3/avr5\libgcc.a

.hash
 *(.hash)

.dynsym
 *(.dynsym)

.dynstr
 *(.dynstr)

.gnu.version
 *(.gnu.version)

.gnu.version_d
 *(.gnu.version_d)

.gnu.version_r
 *(.gnu.version_r)

.rel.init
 *(.rel.init)

.rela.init
 *(.rela.init)

.rel.text
 *(.rel.text)
 *(.rel.text.*)
 *(.rel.gnu.linkonce.t*)

.rela.text
 *(.rela.text)
 *(.rela.text.*)
 *(.rela.gnu.linkonce.t*)

.rel.fini
 *(.rel.fini)

.rela.fini
 *(.rela.fini)

.rel.rodata
 *(.rel.rodata)
 *(.rel.rodata.*)
 *(.rel.gnu.linkonce.r*)

.rela.rodata
 *(.rela.rodata)
 *(.rela.rodata.*)
 *(.rela.gnu.linkonce.r*)

.rel.data
 *(.rel.data)
 *(.rel.data.*)
 *(.rel.gnu.linkonce.d*)

.rela.data
 *(.rela.data)
 *(.rela.data.*)
 *(.rela.gnu.linkonce.d*)

.rel.ctors
 *(.rel.ctors)

.rela.ctors
 *(.rela.ctors)

.rel.dtors
 *(.rel.dtors)

.rela.dtors
 *(.rela.dtors)

.rel.got
 *(.rel.got)

.rela.got
 *(.rela.got)

.rel.bss
 *(.rel.bss)

.rela.bss
 *(.rela.bss)

.rel.plt
 *(.rel.plt)

.rela.plt
 *(.rela.plt)

.text           0x00000000     0x35f0
 *(.vectors)
 .vectors       0x00000000       0x54 d:/tools/sdk/imt_sdk_win_64/imt_sdk_win_64/winavr/bin/../lib/gcc/avr/4.3.3/../../../../avr/lib/avr5/crtm32.o
                0x00000000                __vectors
                0x00000000                __vector_default
 *(.vectors)
 *(.progmem.gcc*)
 *(.progmem*)
                0x00000054                . = ALIGN (0x2)
                0x00000054                __trampolines_start = .
 *(.trampolines)
 .trampolines   0x00000054        0x0 linker stubs
 *(.trampolines*)
                0x00000054                __trampolines_end = .
 *(.jumptables)
 *(.jumptables*)
 *(.lowtext)
 *(.lowtext*)
                0x00000054                __ctors_start = .
 *(.ctors)
                0x00000054                __ctors_end = .
                0x00000054                __dtors_start = .
 *(.dtors)
                0x00000054                __dtors_end = .
 SORT(*)(.ctors)
 SORT(*)(.dtors)
 *(.init0)
 .init0         0x00000054        0x0 d:/tools/sdk/imt_sdk_win_64/imt_sdk_win_64/winavr/bin/../lib/gcc/avr/4.3.3/../../../../avr/lib/avr5/crtm32.o
                0x00000054                __init
 *(.init0)
 *(.init1)
 *(.init1)
 *(.init2)
 .init2         0x00000054        0xc d:/tools/sdk/imt_sdk_win_64/imt_sdk_win_64/winavr/bin/../lib/gcc/avr/4.3.3/../../../../avr/lib/avr5/crtm32.o
 *(.init2)
 *(.init3)
 *(.init3)
 *(.init4)
 .init4         0x00000060       0x16 d:/tools/sdk/imt_sdk_win_64/imt_sdk_win_64/winavr/bin/../lib/gcc/avr/4.3.3/avr5\libgcc.a(_copy_data.o)
                0x00000060                __do_copy_data
 .init4         0x00000076       0x10 d:/tools/sdk/imt_sdk_win_64/imt_sdk_win_64/winavr/bin/../lib/gcc/avr/4.3.3/avr5\libgcc.a(_clear_bss.o)
                0x00000076                __do_clear_bss
 *(.init4)
 *(.init5)
 *(.init5)
 *(.init6)
 *(.init6)
 *(.init7)
 *(.init7)
 *(.init8)
 *(.init8)
 *(.init9)
 .init9         0x00000086        0x8 d:/tools/sdk/imt_sdk_win_64/imt_sdk_win_64/winavr/bin/../lib/gcc/avr/4.3.3/../../../../avr/lib/avr5/crtm32.o
 *(.init9)
 *(.text)
 .text          0x0000008e        0x4 d:/tools/sdk/imt_sdk_win_64/imt_sdk_win_64/winavr/bin/../lib/gcc/avr/4.3.3/../../../../avr/lib/avr5/crtm32.o
                0x0000008e                __vector_12
                0x0000008e                __bad_interrupt
                0x0000008e                __vector_13
                0x0000008e                __vector_17
                0x0000008e                __vector_19
                0x0000008e                __vector_15
                0x0000008e                __vector_14
                0x0000008e                __vector_18
                0x0000008e                __vector_20
 .text          0x00000092        0x0 ./MCAL/TIMER/MTIMER_Program.o
 .text          0x00000092        0x0 ./MCAL/MDIO/MDIO_Program.o
 .text          0x00000092        0x0 ./MCAL/GIE/MGIE_Program.o
 .text          0x00000092        0x0 ./MCAL/External Interrupt/MEXTI_Program.o
 .text          0x00000092        0x0 ./MCAL/ADC/MADC_Program.o
 .text          0x00000092        0x0 ./HAL/HLED/HLED_Program.o
 .text          0x00000092        0x0 ./HAL/HLCD/HLCD_Program.o
 .text          0x00000092        0x0 ./HAL/HKeypad/HKeypad_Program.o
 .text          0x00000092        0x0 ./HAL/HDIP_SWITCH/HDIP_SWITCH_Program.o
 .text          0x00000092        0x0 ./APP/main.o
 .text          0x00000092        0x0 d:/tools/sdk/imt_sdk_win_64/imt_sdk_win_64/winavr/bin/../lib/gcc/avr/4.3.3/avr5\libgcc.a(_mulsi3.o)
 .text          0x00000092        0x0 d:/tools/sdk/imt_sdk_win_64/imt_sdk_win_64/winavr/bin/../lib/gcc/avr/4.3.3/avr5\libgcc.a(_udivmodsi4.o)
 .text          0x00000092        0x0 d:/tools/sdk/imt_sdk_win_64/imt_sdk_win_64/winavr/bin/../lib/gcc/avr/4.3.3/avr5\libgcc.a(_exit.o)
 .text          0x00000092        0x0 d:/tools/sdk/imt_sdk_win_64/imt_sdk_win_64/winavr/bin/../lib/gcc/avr/4.3.3/avr5\libgcc.a(_copy_data.o)
 .text          0x00000092        0x0 d:/tools/sdk/imt_sdk_win_64/imt_sdk_win_64/winavr/bin/../lib/gcc/avr/4.3.3/avr5\libgcc.a(_clear_bss.o)
 .text          0x00000092       0x58 d:/tools/sdk/imt_sdk_win_64/imt_sdk_win_64/winavr/bin/../lib/gcc/avr/4.3.3/avr5\libgcc.a(_fixunssfsi.o)
                0x00000092                __fixunssfsi
 .text          0x000000ea      0x354 d:/tools/sdk/imt_sdk_win_64/imt_sdk_win_64/winavr/bin/../lib/gcc/avr/4.3.3/avr5\libgcc.a(_addsub_sf.o)
                0x00000382                __subsf3
                0x000003e4                __addsf3
 .text          0x0000043e      0x1f4 d:/tools/sdk/imt_sdk_win_64/imt_sdk_win_64/winavr/bin/../lib/gcc/avr/4.3.3/avr5\libgcc.a(_mul_sf.o)
                0x0000043e                __mulsf3
 .text          0x00000632      0x158 d:/tools/sdk/imt_sdk_win_64/imt_sdk_win_64/winavr/bin/../lib/gcc/avr/4.3.3/avr5\libgcc.a(_div_sf.o)
                0x00000632                __divsf3
 .text          0x0000078a       0x60 d:/tools/sdk/imt_sdk_win_64/imt_sdk_win_64/winavr/bin/../lib/gcc/avr/4.3.3/avr5\libgcc.a(_gt_sf.o)
                0x0000078a                __gtsf2
 .text          0x000007ea       0x60 d:/tools/sdk/imt_sdk_win_64/imt_sdk_win_64/winavr/bin/../lib/gcc/avr/4.3.3/avr5\libgcc.a(_ge_sf.o)
                0x000007ea                __gesf2
 .text          0x0000084a       0x60 d:/tools/sdk/imt_sdk_win_64/imt_sdk_win_64/winavr/bin/../lib/gcc/avr/4.3.3/avr5\libgcc.a(_lt_sf.o)
                0x0000084a                __ltsf2
 .text          0x000008aa       0xa8 d:/tools/sdk/imt_sdk_win_64/imt_sdk_win_64/winavr/bin/../lib/gcc/avr/4.3.3/avr5\libgcc.a(_sf_to_si.o)
                0x000008aa                __fixsfsi
 .text          0x00000952        0x0 d:/tools/sdk/imt_sdk_win_64/imt_sdk_win_64/winavr/bin/../lib/gcc/avr/4.3.3/avr5\libgcc.a(_thenan_sf.o)
 .text          0x00000952       0xf2 d:/tools/sdk/imt_sdk_win_64/imt_sdk_win_64/winavr/bin/../lib/gcc/avr/4.3.3/avr5\libgcc.a(_usi_to_sf.o)
                0x00000952                __floatunsisf
 .text          0x00000a44        0x0 d:/tools/sdk/imt_sdk_win_64/imt_sdk_win_64/winavr/bin/../lib/gcc/avr/4.3.3/avr5\libgcc.a(_prologue.o)
 .text          0x00000a44        0x0 d:/tools/sdk/imt_sdk_win_64/imt_sdk_win_64/winavr/bin/../lib/gcc/avr/4.3.3/avr5\libgcc.a(_epilogue.o)
 .text          0x00000a44       0x9e d:/tools/sdk/imt_sdk_win_64/imt_sdk_win_64/winavr/bin/../lib/gcc/avr/4.3.3/avr5\libgcc.a(_clzsi2.o)
                0x00000a44                __clzsi2
 .text          0x00000ae2      0x1aa d:/tools/sdk/imt_sdk_win_64/imt_sdk_win_64/winavr/bin/../lib/gcc/avr/4.3.3/avr5\libgcc.a(_pack_sf.o)
                0x00000ae2                __pack_f
 .text          0x00000c8c       0xf0 d:/tools/sdk/imt_sdk_win_64/imt_sdk_win_64/winavr/bin/../lib/gcc/avr/4.3.3/avr5\libgcc.a(_unpack_sf.o)
                0x00000c8c                __unpack_f
 .text          0x00000d7c       0xb2 d:/tools/sdk/imt_sdk_win_64/imt_sdk_win_64/winavr/bin/../lib/gcc/avr/4.3.3/avr5\libgcc.a(_fpcmp_parts_sf.o)
                0x00000d7c                __fpcmp_parts_f
 .text          0x00000e2e        0x0 d:/tools/sdk/imt_sdk_win_64/imt_sdk_win_64/winavr/bin/../lib/gcc/avr/4.3.3/avr5\libgcc.a(_clz.o)
                0x00000e2e                . = ALIGN (0x2)
 *(.text.*)
 .text.TIMER0_OV_SetCallBack
                0x00000e2e       0x24 ./MCAL/TIMER/MTIMER_Program.o
                0x00000e2e                TIMER0_OV_SetCallBack
 .text.TIMER0_CM_SetCallBack
                0x00000e52       0x24 ./MCAL/TIMER/MTIMER_Program.o
                0x00000e52                TIMER0_CM_SetCallBack
 .text.TIMER1_OV_SetCallBack
                0x00000e76       0x24 ./MCAL/TIMER/MTIMER_Program.o
                0x00000e76                TIMER1_OV_SetCallBack
 .text.TIMER1_CM_A_SetCallBack
                0x00000e9a       0x24 ./MCAL/TIMER/MTIMER_Program.o
                0x00000e9a                TIMER1_CM_A_SetCallBack
 .text.TIMER1_CM_B_SetCallBack
                0x00000ebe       0x24 ./MCAL/TIMER/MTIMER_Program.o
                0x00000ebe                TIMER1_CM_B_SetCallBack
 .text.TIMER1_ICU_SetCallBack
                0x00000ee2       0x24 ./MCAL/TIMER/MTIMER_Program.o
                0x00000ee2                TIMER1_ICU_SetCallBack
 .text.TIMER2_OV_SetCallBack
                0x00000f06       0x24 ./MCAL/TIMER/MTIMER_Program.o
                0x00000f06                TIMER2_OV_SetCallBack
 .text.TIMER2_CM_SetCallBack
                0x00000f2a       0x24 ./MCAL/TIMER/MTIMER_Program.o
                0x00000f2a                TIMER2_CM_SetCallBack
 .text.__vector_11
                0x00000f4e       0x66 ./MCAL/TIMER/MTIMER_Program.o
                0x00000f4e                __vector_11
 .text.__vector_10
                0x00000fb4       0x66 ./MCAL/TIMER/MTIMER_Program.o
                0x00000fb4                __vector_10
 .text.__vector_9
                0x0000101a       0x66 ./MCAL/TIMER/MTIMER_Program.o
                0x0000101a                __vector_9
 .text.__vector_7
                0x00001080       0x66 ./MCAL/TIMER/MTIMER_Program.o
                0x00001080                __vector_7
 .text.__vector_8
                0x000010e6       0x66 ./MCAL/TIMER/MTIMER_Program.o
                0x000010e6                __vector_8
 .text.__vector_6
                0x0000114c       0x66 ./MCAL/TIMER/MTIMER_Program.o
                0x0000114c                __vector_6
 .text.__vector_5
                0x000011b2       0x66 ./MCAL/TIMER/MTIMER_Program.o
                0x000011b2                __vector_5
 .text.__vector_4
                0x00001218       0x66 ./MCAL/TIMER/MTIMER_Program.o
                0x00001218                __vector_4
 .text.TIMER0_INIT
                0x0000127e       0x70 ./MCAL/TIMER/MTIMER_Program.o
                0x0000127e                TIMER0_INIT
 .text.TIMER1_INIT
                0x000012ee       0xb4 ./MCAL/TIMER/MTIMER_Program.o
                0x000012ee                TIMER1_INIT
 .text.TIMER2_INIT
                0x000013a2       0x70 ./MCAL/TIMER/MTIMER_Program.o
                0x000013a2                TIMER2_INIT
 .text.TIMER1_Input_Capture_Interrupt_Enable
                0x00001412       0x1c ./MCAL/TIMER/MTIMER_Program.o
                0x00001412                TIMER1_Input_Capture_Interrupt_Enable
 .text.Set_Duty_Cycle_TIMER_0
                0x0000142e       0x8a ./MCAL/TIMER/MTIMER_Program.o
                0x0000142e                Set_Duty_Cycle_TIMER_0
 .text.Set_Duty_Cycle_TIMER_1_A
                0x000014b8       0xa2 ./MCAL/TIMER/MTIMER_Program.o
                0x000014b8                Set_Duty_Cycle_TIMER_1_A
 .text.Set_Duty_Cycle_TIMER_1_B
                0x0000155a       0xa2 ./MCAL/TIMER/MTIMER_Program.o
                0x0000155a                Set_Duty_Cycle_TIMER_1_B
 .text.Set_Duty_Cycle_TIMER_2
                0x000015fc       0x8a ./MCAL/TIMER/MTIMER_Program.o
                0x000015fc                Set_Duty_Cycle_TIMER_2
 .text.MDIO_u8Init
                0x00001686       0x40 ./MCAL/MDIO/MDIO_Program.o
                0x00001686                MDIO_u8Init
 .text.MDIO_u8SetPinDirection
                0x000016c6      0x254 ./MCAL/MDIO/MDIO_Program.o
                0x000016c6                MDIO_u8SetPinDirection
 .text.MDIO_u8SetPinValue
                0x0000191a      0x254 ./MCAL/MDIO/MDIO_Program.o
                0x0000191a                MDIO_u8SetPinValue
 .text.MDIO_u8GetPinValue
                0x00001b6e      0x212 ./MCAL/MDIO/MDIO_Program.o
                0x00001b6e                MDIO_u8GetPinValue
 .text.MDIO_u8SetPortDirection
                0x00001d80       0x8c ./MCAL/MDIO/MDIO_Program.o
                0x00001d80                MDIO_u8SetPortDirection
 .text.MDIO_u8SetPortValue
                0x00001e0c       0x90 ./MCAL/MDIO/MDIO_Program.o
                0x00001e0c                MDIO_u8SetPortValue
 .text.MDIO_u8Set4PinsValue
                0x00001e9c      0x1c4 ./MCAL/MDIO/MDIO_Program.o
                0x00001e9c                MDIO_u8Set4PinsValue
 .text.MDIO_u8GetPortValue
                0x00002060       0xb0 ./MCAL/MDIO/MDIO_Program.o
                0x00002060                MDIO_u8GetPortValue
 .text.GIE_Vid_Enable
                0x00002110       0x1c ./MCAL/GIE/MGIE_Program.o
                0x00002110                GIE_Vid_Enable
 .text.GIE_Vid_Disable
                0x0000212c       0x1c ./MCAL/GIE/MGIE_Program.o
                0x0000212c                GIE_Vid_Disable
 .text.INT0_SetCallBack
                0x00002148       0x24 ./MCAL/External Interrupt/MEXTI_Program.o
                0x00002148                INT0_SetCallBack
 .text.INT1_SetCallBack
                0x0000216c       0x24 ./MCAL/External Interrupt/MEXTI_Program.o
                0x0000216c                INT1_SetCallBack
 .text.INT2_SetCallBack
                0x00002190       0x24 ./MCAL/External Interrupt/MEXTI_Program.o
                0x00002190                INT2_SetCallBack
 .text.__vector_1
                0x000021b4       0x66 ./MCAL/External Interrupt/MEXTI_Program.o
                0x000021b4                __vector_1
 .text.__vector_2
                0x0000221a       0x66 ./MCAL/External Interrupt/MEXTI_Program.o
                0x0000221a                __vector_2
 .text.__vector_3
                0x00002280       0x66 ./MCAL/External Interrupt/MEXTI_Program.o
                0x00002280                __vector_3
 .text.EX_INT0_INIT
                0x000022e6       0x38 ./MCAL/External Interrupt/MEXTI_Program.o
                0x000022e6                EX_INT0_INIT
 .text.EX_INT1_INIT
                0x0000231e       0x38 ./MCAL/External Interrupt/MEXTI_Program.o
                0x0000231e                EX_INT1_INIT
 .text.EX_INT2_INIT
                0x00002356       0x2a ./MCAL/External Interrupt/MEXTI_Program.o
                0x00002356                EX_INT2_INIT
 .text.ADC_SetCallBack
                0x00002380       0x24 ./MCAL/ADC/MADC_Program.o
                0x00002380                ADC_SetCallBack
 .text.__vector_16
                0x000023a4       0x66 ./MCAL/ADC/MADC_Program.o
                0x000023a4                __vector_16
 .text.ADC_VidINIT
                0x0000240a       0xa8 ./MCAL/ADC/MADC_Program.o
                0x0000240a                ADC_VidINIT
 .text.ADC_Start_Conversion
                0x000024b2       0x1c ./MCAL/ADC/MADC_Program.o
                0x000024b2                ADC_Start_Conversion
 .text.ADC_Select_Channel
                0x000024ce       0x32 ./MCAL/ADC/MADC_Program.o
                0x000024ce                ADC_Select_Channel
 .text.ADC_Interrupt_Enable
                0x00002500       0x1c ./MCAL/ADC/MADC_Program.o
                0x00002500                ADC_Interrupt_Enable
 .text.ADC_Wait_Flag
                0x0000251c       0x32 ./MCAL/ADC/MADC_Program.o
                0x0000251c                ADC_Wait_Flag
 .text.ADC_Get_Result
                0x0000254e       0x28 ./MCAL/ADC/MADC_Program.o
                0x0000254e                ADC_Get_Result
 .text.HLED_voidTurnOn
                0x00002576       0x2c ./HAL/HLED/HLED_Program.o
                0x00002576                HLED_voidTurnOn
 .text.HLED_voidTurnOff
                0x000025a2       0x2c ./HAL/HLED/HLED_Program.o
                0x000025a2                HLED_voidTurnOff
 .text.HLCD_VidInit
                0x000025ce      0x3f4 ./HAL/HLCD/HLCD_Program.o
                0x000025ce                HLCD_VidInit
 .text.HLCD_VidWriteCommend
                0x000029c2      0x220 ./HAL/HLCD/HLCD_Program.o
                0x000029c2                HLCD_VidWriteCommend
 .text.HLCD_VidWriteData
                0x00002be2      0x220 ./HAL/HLCD/HLCD_Program.o
                0x00002be2                HLCD_VidWriteData
 .text.HLCD_VoidClearDisplay
                0x00002e02      0x110 ./HAL/HLCD/HLCD_Program.o
                0x00002e02                HLCD_VoidClearDisplay
 .text.HLCD_DisplayCharacter
                0x00002f12       0x1a ./HAL/HLCD/HLCD_Program.o
                0x00002f12                HLCD_DisplayCharacter
 .text.HLCD_DisplayString
                0x00002f2c       0x56 ./HAL/HLCD/HLCD_Program.o
                0x00002f2c                HLCD_DisplayString
 .text.HLCD_VidWriteNumber
                0x00002f82      0x172 ./HAL/HLCD/HLCD_Program.o
                0x00002f82                HLCD_VidWriteNumber
 .text.HLCD_SetPosition
                0x000030f4       0x5a ./HAL/HLCD/HLCD_Program.o
                0x000030f4                HLCD_SetPosition
 .text.HKEYPAD_VidInit
                0x0000314e       0x1e ./HAL/HKeypad/HKeypad_Program.o
                0x0000314e                HKEYPAD_VidInit
 .text.HKEYPAD_GET_PressedKey
                0x0000316c      0x1ea ./HAL/HKeypad/HKeypad_Program.o
                0x0000316c                HKEYPAD_GET_PressedKey
 .text.HDIP_u8GetPressedKey
                0x00003356       0x44 ./HAL/HDIP_SWITCH/HDIP_SWITCH_Program.o
                0x00003356                HDIP_u8GetPressedKey
 .text.HDIP_u8GetPressedKeys
                0x0000339a       0x20 ./HAL/HDIP_SWITCH/HDIP_SWITCH_Program.o
                0x0000339a                HDIP_u8GetPressedKeys
 .text.main     0x000033ba      0x142 ./APP/main.o
                0x000033ba                main
 .text.libgcc   0x000034fc       0x3e d:/tools/sdk/imt_sdk_win_64/imt_sdk_win_64/winavr/bin/../lib/gcc/avr/4.3.3/avr5\libgcc.a(_mulsi3.o)
                0x000034fc                __mulsi3
 .text.libgcc   0x0000353a       0x44 d:/tools/sdk/imt_sdk_win_64/imt_sdk_win_64/winavr/bin/../lib/gcc/avr/4.3.3/avr5\libgcc.a(_udivmodsi4.o)
                0x0000353a                __udivmodsi4
 .text.libgcc   0x0000357e        0x0 d:/tools/sdk/imt_sdk_win_64/imt_sdk_win_64/winavr/bin/../lib/gcc/avr/4.3.3/avr5\libgcc.a(_exit.o)
 .text.libgcc   0x0000357e        0x0 d:/tools/sdk/imt_sdk_win_64/imt_sdk_win_64/winavr/bin/../lib/gcc/avr/4.3.3/avr5\libgcc.a(_copy_data.o)
 .text.libgcc   0x0000357e        0x0 d:/tools/sdk/imt_sdk_win_64/imt_sdk_win_64/winavr/bin/../lib/gcc/avr/4.3.3/avr5\libgcc.a(_clear_bss.o)
 .text.libgcc   0x0000357e       0x38 d:/tools/sdk/imt_sdk_win_64/imt_sdk_win_64/winavr/bin/../lib/gcc/avr/4.3.3/avr5\libgcc.a(_prologue.o)
                0x0000357e                __prologue_saves__
 .text.libgcc   0x000035b6       0x36 d:/tools/sdk/imt_sdk_win_64/imt_sdk_win_64/winavr/bin/../lib/gcc/avr/4.3.3/avr5\libgcc.a(_epilogue.o)
                0x000035b6                __epilogue_restores__
                0x000035ec                . = ALIGN (0x2)
 *(.fini9)
 .fini9         0x000035ec        0x0 d:/tools/sdk/imt_sdk_win_64/imt_sdk_win_64/winavr/bin/../lib/gcc/avr/4.3.3/avr5\libgcc.a(_exit.o)
                0x000035ec                exit
                0x000035ec                _exit
 *(.fini9)
 *(.fini8)
 *(.fini8)
 *(.fini7)
 *(.fini7)
 *(.fini6)
 *(.fini6)
 *(.fini5)
 *(.fini5)
 *(.fini4)
 *(.fini4)
 *(.fini3)
 *(.fini3)
 *(.fini2)
 *(.fini2)
 *(.fini1)
 *(.fini1)
 *(.fini0)
 .fini0         0x000035ec        0x4 d:/tools/sdk/imt_sdk_win_64/imt_sdk_win_64/winavr/bin/../lib/gcc/avr/4.3.3/avr5\libgcc.a(_exit.o)
 *(.fini0)
                0x000035f0                _etext = .

.data           0x00800060      0x134 load address 0x000035f0
                0x00800060                PROVIDE (__data_start, .)
 *(.data)
 .data          0x00800060        0x0 d:/tools/sdk/imt_sdk_win_64/imt_sdk_win_64/winavr/bin/../lib/gcc/avr/4.3.3/../../../../avr/lib/avr5/crtm32.o
 .data          0x00800060        0x0 ./MCAL/TIMER/MTIMER_Program.o
 .data          0x00800060        0x0 ./MCAL/MDIO/MDIO_Program.o
 .data          0x00800060        0x0 ./MCAL/GIE/MGIE_Program.o
 .data          0x00800060        0x0 ./MCAL/External Interrupt/MEXTI_Program.o
 .data          0x00800060        0x0 ./MCAL/ADC/MADC_Program.o
 .data          0x00800060        0x0 ./HAL/HLED/HLED_Program.o
 .data          0x00800060        0x0 ./HAL/HLCD/HLCD_Program.o
 .data          0x00800060        0x0 ./HAL/HKeypad/HKeypad_Program.o
 .data          0x00800060        0x0 ./HAL/HDIP_SWITCH/HDIP_SWITCH_Program.o
 .data          0x00800060       0x1b ./APP/main.o
 .data          0x0080007b        0x0 d:/tools/sdk/imt_sdk_win_64/imt_sdk_win_64/winavr/bin/../lib/gcc/avr/4.3.3/avr5\libgcc.a(_mulsi3.o)
 .data          0x0080007b        0x0 d:/tools/sdk/imt_sdk_win_64/imt_sdk_win_64/winavr/bin/../lib/gcc/avr/4.3.3/avr5\libgcc.a(_udivmodsi4.o)
 .data          0x0080007b        0x0 d:/tools/sdk/imt_sdk_win_64/imt_sdk_win_64/winavr/bin/../lib/gcc/avr/4.3.3/avr5\libgcc.a(_exit.o)
 .data          0x0080007b        0x0 d:/tools/sdk/imt_sdk_win_64/imt_sdk_win_64/winavr/bin/../lib/gcc/avr/4.3.3/avr5\libgcc.a(_copy_data.o)
 .data          0x0080007b        0x0 d:/tools/sdk/imt_sdk_win_64/imt_sdk_win_64/winavr/bin/../lib/gcc/avr/4.3.3/avr5\libgcc.a(_clear_bss.o)
 .data          0x0080007b        0x0 d:/tools/sdk/imt_sdk_win_64/imt_sdk_win_64/winavr/bin/../lib/gcc/avr/4.3.3/avr5\libgcc.a(_fixunssfsi.o)
 .data          0x0080007b        0x0 d:/tools/sdk/imt_sdk_win_64/imt_sdk_win_64/winavr/bin/../lib/gcc/avr/4.3.3/avr5\libgcc.a(_addsub_sf.o)
 .data          0x0080007b        0x0 d:/tools/sdk/imt_sdk_win_64/imt_sdk_win_64/winavr/bin/../lib/gcc/avr/4.3.3/avr5\libgcc.a(_mul_sf.o)
 .data          0x0080007b        0x0 d:/tools/sdk/imt_sdk_win_64/imt_sdk_win_64/winavr/bin/../lib/gcc/avr/4.3.3/avr5\libgcc.a(_div_sf.o)
 .data          0x0080007b        0x0 d:/tools/sdk/imt_sdk_win_64/imt_sdk_win_64/winavr/bin/../lib/gcc/avr/4.3.3/avr5\libgcc.a(_gt_sf.o)
 .data          0x0080007b        0x0 d:/tools/sdk/imt_sdk_win_64/imt_sdk_win_64/winavr/bin/../lib/gcc/avr/4.3.3/avr5\libgcc.a(_ge_sf.o)
 .data          0x0080007b        0x0 d:/tools/sdk/imt_sdk_win_64/imt_sdk_win_64/winavr/bin/../lib/gcc/avr/4.3.3/avr5\libgcc.a(_lt_sf.o)
 .data          0x0080007b        0x0 d:/tools/sdk/imt_sdk_win_64/imt_sdk_win_64/winavr/bin/../lib/gcc/avr/4.3.3/avr5\libgcc.a(_sf_to_si.o)
 .data          0x0080007b        0x8 d:/tools/sdk/imt_sdk_win_64/imt_sdk_win_64/winavr/bin/../lib/gcc/avr/4.3.3/avr5\libgcc.a(_thenan_sf.o)
                0x0080007b                __thenan_sf
 .data          0x00800083        0x0 d:/tools/sdk/imt_sdk_win_64/imt_sdk_win_64/winavr/bin/../lib/gcc/avr/4.3.3/avr5\libgcc.a(_usi_to_sf.o)
 .data          0x00800083        0x0 d:/tools/sdk/imt_sdk_win_64/imt_sdk_win_64/winavr/bin/../lib/gcc/avr/4.3.3/avr5\libgcc.a(_prologue.o)
 .data          0x00800083        0x0 d:/tools/sdk/imt_sdk_win_64/imt_sdk_win_64/winavr/bin/../lib/gcc/avr/4.3.3/avr5\libgcc.a(_epilogue.o)
 .data          0x00800083        0x0 d:/tools/sdk/imt_sdk_win_64/imt_sdk_win_64/winavr/bin/../lib/gcc/avr/4.3.3/avr5\libgcc.a(_clzsi2.o)
 .data          0x00800083        0x0 d:/tools/sdk/imt_sdk_win_64/imt_sdk_win_64/winavr/bin/../lib/gcc/avr/4.3.3/avr5\libgcc.a(_pack_sf.o)
 .data          0x00800083        0x0 d:/tools/sdk/imt_sdk_win_64/imt_sdk_win_64/winavr/bin/../lib/gcc/avr/4.3.3/avr5\libgcc.a(_unpack_sf.o)
 .data          0x00800083        0x0 d:/tools/sdk/imt_sdk_win_64/imt_sdk_win_64/winavr/bin/../lib/gcc/avr/4.3.3/avr5\libgcc.a(_fpcmp_parts_sf.o)
 .data          0x00800083      0x100 d:/tools/sdk/imt_sdk_win_64/imt_sdk_win_64/winavr/bin/../lib/gcc/avr/4.3.3/avr5\libgcc.a(_clz.o)
                0x00800083                __clz_tab
 *(.data*)
 *(.rodata)
 *(.rodata*)
 .rodata.C.0.1308
                0x00800183       0x10 ./HAL/HKeypad/HKeypad_Program.o
 *(.gnu.linkonce.d*)
                0x00800194                . = ALIGN (0x2)
 *fill*         0x00800193        0x1 00
                0x00800194                _edata = .
                0x00800194                PROVIDE (__data_end, .)

.bss            0x00800194       0x16
                0x00800194                PROVIDE (__bss_start, .)
 *(.bss)
 .bss           0x00800194        0x0 d:/tools/sdk/imt_sdk_win_64/imt_sdk_win_64/winavr/bin/../lib/gcc/avr/4.3.3/../../../../avr/lib/avr5/crtm32.o
 .bss           0x00800194        0x0 ./MCAL/TIMER/MTIMER_Program.o
 .bss           0x00800194        0x0 ./MCAL/MDIO/MDIO_Program.o
 .bss           0x00800194        0x0 ./MCAL/GIE/MGIE_Program.o
 .bss           0x00800194        0x0 ./MCAL/External Interrupt/MEXTI_Program.o
 .bss           0x00800194        0x0 ./MCAL/ADC/MADC_Program.o
 .bss           0x00800194        0x0 ./HAL/HLED/HLED_Program.o
 .bss           0x00800194        0x0 ./HAL/HLCD/HLCD_Program.o
 .bss           0x00800194        0x0 ./HAL/HKeypad/HKeypad_Program.o
 .bss           0x00800194        0x0 ./HAL/HDIP_SWITCH/HDIP_SWITCH_Program.o
 .bss           0x00800194        0x0 ./APP/main.o
 .bss           0x00800194        0x0 d:/tools/sdk/imt_sdk_win_64/imt_sdk_win_64/winavr/bin/../lib/gcc/avr/4.3.3/avr5\libgcc.a(_mulsi3.o)
 .bss           0x00800194        0x0 d:/tools/sdk/imt_sdk_win_64/imt_sdk_win_64/winavr/bin/../lib/gcc/avr/4.3.3/avr5\libgcc.a(_udivmodsi4.o)
 .bss           0x00800194        0x0 d:/tools/sdk/imt_sdk_win_64/imt_sdk_win_64/winavr/bin/../lib/gcc/avr/4.3.3/avr5\libgcc.a(_exit.o)
 .bss           0x00800194        0x0 d:/tools/sdk/imt_sdk_win_64/imt_sdk_win_64/winavr/bin/../lib/gcc/avr/4.3.3/avr5\libgcc.a(_copy_data.o)
 .bss           0x00800194        0x0 d:/tools/sdk/imt_sdk_win_64/imt_sdk_win_64/winavr/bin/../lib/gcc/avr/4.3.3/avr5\libgcc.a(_clear_bss.o)
 .bss           0x00800194        0x0 d:/tools/sdk/imt_sdk_win_64/imt_sdk_win_64/winavr/bin/../lib/gcc/avr/4.3.3/avr5\libgcc.a(_fixunssfsi.o)
 .bss           0x00800194        0x0 d:/tools/sdk/imt_sdk_win_64/imt_sdk_win_64/winavr/bin/../lib/gcc/avr/4.3.3/avr5\libgcc.a(_addsub_sf.o)
 .bss           0x00800194        0x0 d:/tools/sdk/imt_sdk_win_64/imt_sdk_win_64/winavr/bin/../lib/gcc/avr/4.3.3/avr5\libgcc.a(_mul_sf.o)
 .bss           0x00800194        0x0 d:/tools/sdk/imt_sdk_win_64/imt_sdk_win_64/winavr/bin/../lib/gcc/avr/4.3.3/avr5\libgcc.a(_div_sf.o)
 .bss           0x00800194        0x0 d:/tools/sdk/imt_sdk_win_64/imt_sdk_win_64/winavr/bin/../lib/gcc/avr/4.3.3/avr5\libgcc.a(_gt_sf.o)
 .bss           0x00800194        0x0 d:/tools/sdk/imt_sdk_win_64/imt_sdk_win_64/winavr/bin/../lib/gcc/avr/4.3.3/avr5\libgcc.a(_ge_sf.o)
 .bss           0x00800194        0x0 d:/tools/sdk/imt_sdk_win_64/imt_sdk_win_64/winavr/bin/../lib/gcc/avr/4.3.3/avr5\libgcc.a(_lt_sf.o)
 .bss           0x00800194        0x0 d:/tools/sdk/imt_sdk_win_64/imt_sdk_win_64/winavr/bin/../lib/gcc/avr/4.3.3/avr5\libgcc.a(_sf_to_si.o)
 .bss           0x00800194        0x0 d:/tools/sdk/imt_sdk_win_64/imt_sdk_win_64/winavr/bin/../lib/gcc/avr/4.3.3/avr5\libgcc.a(_thenan_sf.o)
 .bss           0x00800194        0x0 d:/tools/sdk/imt_sdk_win_64/imt_sdk_win_64/winavr/bin/../lib/gcc/avr/4.3.3/avr5\libgcc.a(_usi_to_sf.o)
 .bss           0x00800194        0x0 d:/tools/sdk/imt_sdk_win_64/imt_sdk_win_64/winavr/bin/../lib/gcc/avr/4.3.3/avr5\libgcc.a(_prologue.o)
 .bss           0x00800194        0x0 d:/tools/sdk/imt_sdk_win_64/imt_sdk_win_64/winavr/bin/../lib/gcc/avr/4.3.3/avr5\libgcc.a(_epilogue.o)
 .bss           0x00800194        0x0 d:/tools/sdk/imt_sdk_win_64/imt_sdk_win_64/winavr/bin/../lib/gcc/avr/4.3.3/avr5\libgcc.a(_clzsi2.o)
 .bss           0x00800194        0x0 d:/tools/sdk/imt_sdk_win_64/imt_sdk_win_64/winavr/bin/../lib/gcc/avr/4.3.3/avr5\libgcc.a(_pack_sf.o)
 .bss           0x00800194        0x0 d:/tools/sdk/imt_sdk_win_64/imt_sdk_win_64/winavr/bin/../lib/gcc/avr/4.3.3/avr5\libgcc.a(_unpack_sf.o)
 .bss           0x00800194        0x0 d:/tools/sdk/imt_sdk_win_64/imt_sdk_win_64/winavr/bin/../lib/gcc/avr/4.3.3/avr5\libgcc.a(_fpcmp_parts_sf.o)
 .bss           0x00800194        0x0 d:/tools/sdk/imt_sdk_win_64/imt_sdk_win_64/winavr/bin/../lib/gcc/avr/4.3.3/avr5\libgcc.a(_clz.o)
 *(.bss*)
 .bss.GPFunc_T0
                0x00800194        0x2 ./MCAL/TIMER/MTIMER_Program.o
 .bss.GPFunc_T2
                0x00800196        0x2 ./MCAL/TIMER/MTIMER_Program.o
 .bss.GPFunc_T1
                0x00800198        0x2 ./MCAL/TIMER/MTIMER_Program.o
 .bss.GPFunc_T1_OV
                0x0080019a        0x2 ./MCAL/TIMER/MTIMER_Program.o
 .bss.GPFunc_T1_CA
                0x0080019c        0x2 ./MCAL/TIMER/MTIMER_Program.o
 .bss.GPFunc_T1_CB
                0x0080019e        0x2 ./MCAL/TIMER/MTIMER_Program.o
 .bss.GPFunc_T1_ICU
                0x008001a0        0x2 ./MCAL/TIMER/MTIMER_Program.o
 .bss.GPFunc0   0x008001a2        0x2 ./MCAL/External Interrupt/MEXTI_Program.o
 .bss.GPFunc1   0x008001a4        0x2 ./MCAL/External Interrupt/MEXTI_Program.o
 .bss.GPFunc2   0x008001a6        0x2 ./MCAL/External Interrupt/MEXTI_Program.o
 .bss.GPFunc    0x008001a8        0x2 ./MCAL/ADC/MADC_Program.o
 *(COMMON)
                0x008001aa                PROVIDE (__bss_end, .)
                0x000035f0                __data_load_start = LOADADDR (.data)
                0x00003724                __data_load_end = (__data_load_start + SIZEOF (.data))

.noinit         0x008001aa        0x0
                0x008001aa                PROVIDE (__noinit_start, .)
 *(.noinit*)
                0x008001aa                PROVIDE (__noinit_end, .)
                0x008001aa                _end = .
                0x008001aa                PROVIDE (__heap_start, .)

.eeprom         0x00810000        0x0
 *(.eeprom*)
                0x00810000                __eeprom_end = .

.fuse
 *(.fuse)
 *(.lfuse)
 *(.hfuse)
 *(.efuse)

.lock
 *(.lock*)

.signature
 *(.signature*)

.stab           0x00000000     0x3240
 *(.stab)
 .stab          0x00000000      0x7a4 ./MCAL/TIMER/MTIMER_Program.o
 .stab          0x000007a4      0x900 ./MCAL/MDIO/MDIO_Program.o
                                0x90c (size before relaxing)
 .stab          0x000010a4      0x1b0 ./MCAL/GIE/MGIE_Program.o
                                0x1bc (size before relaxing)
 .stab          0x00001254      0x3a8 ./MCAL/External Interrupt/MEXTI_Program.o
                                0x3b4 (size before relaxing)
 .stab          0x000015fc      0x39c ./MCAL/ADC/MADC_Program.o
                                0x3a8 (size before relaxing)
 .stab          0x00001998      0x1f8 ./HAL/HLED/HLED_Program.o
                                0x204 (size before relaxing)
 .stab          0x00001b90      0xdbc ./HAL/HLCD/HLCD_Program.o
                                0xdc8 (size before relaxing)
 .stab          0x0000294c      0x39c ./HAL/HKeypad/HKeypad_Program.o
                                0x540 (size before relaxing)
 .stab          0x00002ce8      0x264 ./HAL/HDIP_SWITCH/HDIP_SWITCH_Program.o
                                0x270 (size before relaxing)
 .stab          0x00002f4c      0x2f4 ./APP/main.o
                                0x498 (size before relaxing)

.stabstr        0x00000000     0x150f
 *(.stabstr)
 .stabstr       0x00000000     0x150f ./MCAL/TIMER/MTIMER_Program.o

.stab.excl
 *(.stab.excl)

.stab.exclstr
 *(.stab.exclstr)

.stab.index
 *(.stab.index)

.stab.indexstr
 *(.stab.indexstr)

.comment
 *(.comment)

.debug
 *(.debug)

.line
 *(.line)

.debug_srcinfo
 *(.debug_srcinfo)

.debug_sfnames
 *(.debug_sfnames)

.debug_aranges  0x00000000      0x1a0
 *(.debug_aranges)
 .debug_aranges
                0x00000000       0x20 d:/tools/sdk/imt_sdk_win_64/imt_sdk_win_64/winavr/bin/../lib/gcc/avr/4.3.3/avr5\libgcc.a(_fixunssfsi.o)
 .debug_aranges
                0x00000020       0x20 d:/tools/sdk/imt_sdk_win_64/imt_sdk_win_64/winavr/bin/../lib/gcc/avr/4.3.3/avr5\libgcc.a(_addsub_sf.o)
 .debug_aranges
                0x00000040       0x20 d:/tools/sdk/imt_sdk_win_64/imt_sdk_win_64/winavr/bin/../lib/gcc/avr/4.3.3/avr5\libgcc.a(_mul_sf.o)
 .debug_aranges
                0x00000060       0x20 d:/tools/sdk/imt_sdk_win_64/imt_sdk_win_64/winavr/bin/../lib/gcc/avr/4.3.3/avr5\libgcc.a(_div_sf.o)
 .debug_aranges
                0x00000080       0x20 d:/tools/sdk/imt_sdk_win_64/imt_sdk_win_64/winavr/bin/../lib/gcc/avr/4.3.3/avr5\libgcc.a(_gt_sf.o)
 .debug_aranges
                0x000000a0       0x20 d:/tools/sdk/imt_sdk_win_64/imt_sdk_win_64/winavr/bin/../lib/gcc/avr/4.3.3/avr5\libgcc.a(_ge_sf.o)
 .debug_aranges
                0x000000c0       0x20 d:/tools/sdk/imt_sdk_win_64/imt_sdk_win_64/winavr/bin/../lib/gcc/avr/4.3.3/avr5\libgcc.a(_lt_sf.o)
 .debug_aranges
                0x000000e0       0x20 d:/tools/sdk/imt_sdk_win_64/imt_sdk_win_64/winavr/bin/../lib/gcc/avr/4.3.3/avr5\libgcc.a(_sf_to_si.o)
 .debug_aranges
                0x00000100       0x20 d:/tools/sdk/imt_sdk_win_64/imt_sdk_win_64/winavr/bin/../lib/gcc/avr/4.3.3/avr5\libgcc.a(_usi_to_sf.o)
 .debug_aranges
                0x00000120       0x20 d:/tools/sdk/imt_sdk_win_64/imt_sdk_win_64/winavr/bin/../lib/gcc/avr/4.3.3/avr5\libgcc.a(_clzsi2.o)
 .debug_aranges
                0x00000140       0x20 d:/tools/sdk/imt_sdk_win_64/imt_sdk_win_64/winavr/bin/../lib/gcc/avr/4.3.3/avr5\libgcc.a(_pack_sf.o)
 .debug_aranges
                0x00000160       0x20 d:/tools/sdk/imt_sdk_win_64/imt_sdk_win_64/winavr/bin/../lib/gcc/avr/4.3.3/avr5\libgcc.a(_unpack_sf.o)
 .debug_aranges
                0x00000180       0x20 d:/tools/sdk/imt_sdk_win_64/imt_sdk_win_64/winavr/bin/../lib/gcc/avr/4.3.3/avr5\libgcc.a(_fpcmp_parts_sf.o)

.debug_pubnames
                0x00000000      0x1f2
 *(.debug_pubnames)
 .debug_pubnames
                0x00000000       0x23 d:/tools/sdk/imt_sdk_win_64/imt_sdk_win_64/winavr/bin/../lib/gcc/avr/4.3.3/avr5\libgcc.a(_fixunssfsi.o)
 .debug_pubnames
                0x00000023       0x2c d:/tools/sdk/imt_sdk_win_64/imt_sdk_win_64/winavr/bin/../lib/gcc/avr/4.3.3/avr5\libgcc.a(_addsub_sf.o)
 .debug_pubnames
                0x0000004f       0x1f d:/tools/sdk/imt_sdk_win_64/imt_sdk_win_64/winavr/bin/../lib/gcc/avr/4.3.3/avr5\libgcc.a(_mul_sf.o)
 .debug_pubnames
                0x0000006e       0x1f d:/tools/sdk/imt_sdk_win_64/imt_sdk_win_64/winavr/bin/../lib/gcc/avr/4.3.3/avr5\libgcc.a(_div_sf.o)
 .debug_pubnames
                0x0000008d       0x1e d:/tools/sdk/imt_sdk_win_64/imt_sdk_win_64/winavr/bin/../lib/gcc/avr/4.3.3/avr5\libgcc.a(_gt_sf.o)
 .debug_pubnames
                0x000000ab       0x1e d:/tools/sdk/imt_sdk_win_64/imt_sdk_win_64/winavr/bin/../lib/gcc/avr/4.3.3/avr5\libgcc.a(_ge_sf.o)
 .debug_pubnames
                0x000000c9       0x1e d:/tools/sdk/imt_sdk_win_64/imt_sdk_win_64/winavr/bin/../lib/gcc/avr/4.3.3/avr5\libgcc.a(_lt_sf.o)
 .debug_pubnames
                0x000000e7       0x20 d:/tools/sdk/imt_sdk_win_64/imt_sdk_win_64/winavr/bin/../lib/gcc/avr/4.3.3/avr5\libgcc.a(_sf_to_si.o)
 .debug_pubnames
                0x00000107       0x22 d:/tools/sdk/imt_sdk_win_64/imt_sdk_win_64/winavr/bin/../lib/gcc/avr/4.3.3/avr5\libgcc.a(_thenan_sf.o)
 .debug_pubnames
                0x00000129       0x24 d:/tools/sdk/imt_sdk_win_64/imt_sdk_win_64/winavr/bin/../lib/gcc/avr/4.3.3/avr5\libgcc.a(_usi_to_sf.o)
 .debug_pubnames
                0x0000014d       0x1f d:/tools/sdk/imt_sdk_win_64/imt_sdk_win_64/winavr/bin/../lib/gcc/avr/4.3.3/avr5\libgcc.a(_clzsi2.o)
 .debug_pubnames
                0x0000016c       0x1f d:/tools/sdk/imt_sdk_win_64/imt_sdk_win_64/winavr/bin/../lib/gcc/avr/4.3.3/avr5\libgcc.a(_pack_sf.o)
 .debug_pubnames
                0x0000018b       0x21 d:/tools/sdk/imt_sdk_win_64/imt_sdk_win_64/winavr/bin/../lib/gcc/avr/4.3.3/avr5\libgcc.a(_unpack_sf.o)
 .debug_pubnames
                0x000001ac       0x26 d:/tools/sdk/imt_sdk_win_64/imt_sdk_win_64/winavr/bin/../lib/gcc/avr/4.3.3/avr5\libgcc.a(_fpcmp_parts_sf.o)
 .debug_pubnames
                0x000001d2       0x20 d:/tools/sdk/imt_sdk_win_64/imt_sdk_win_64/winavr/bin/../lib/gcc/avr/4.3.3/avr5\libgcc.a(_clz.o)

.debug_info     0x00000000     0x240b
 *(.debug_info)
 .debug_info    0x00000000       0xb1 d:/tools/sdk/imt_sdk_win_64/imt_sdk_win_64/winavr/bin/../lib/gcc/avr/4.3.3/avr5\libgcc.a(_fixunssfsi.o)
 .debug_info    0x000000b1      0x47a d:/tools/sdk/imt_sdk_win_64/imt_sdk_win_64/winavr/bin/../lib/gcc/avr/4.3.3/avr5\libgcc.a(_addsub_sf.o)
 .debug_info    0x0000052b      0x485 d:/tools/sdk/imt_sdk_win_64/imt_sdk_win_64/winavr/bin/../lib/gcc/avr/4.3.3/avr5\libgcc.a(_mul_sf.o)
 .debug_info    0x000009b0      0x3fc d:/tools/sdk/imt_sdk_win_64/imt_sdk_win_64/winavr/bin/../lib/gcc/avr/4.3.3/avr5\libgcc.a(_div_sf.o)
 .debug_info    0x00000dac      0x27f d:/tools/sdk/imt_sdk_win_64/imt_sdk_win_64/winavr/bin/../lib/gcc/avr/4.3.3/avr5\libgcc.a(_gt_sf.o)
 .debug_info    0x0000102b      0x27f d:/tools/sdk/imt_sdk_win_64/imt_sdk_win_64/winavr/bin/../lib/gcc/avr/4.3.3/avr5\libgcc.a(_ge_sf.o)
 .debug_info    0x000012aa      0x27f d:/tools/sdk/imt_sdk_win_64/imt_sdk_win_64/winavr/bin/../lib/gcc/avr/4.3.3/avr5\libgcc.a(_lt_sf.o)
 .debug_info    0x00001529      0x2b0 d:/tools/sdk/imt_sdk_win_64/imt_sdk_win_64/winavr/bin/../lib/gcc/avr/4.3.3/avr5\libgcc.a(_sf_to_si.o)
 .debug_info    0x000017d9      0x12c d:/tools/sdk/imt_sdk_win_64/imt_sdk_win_64/winavr/bin/../lib/gcc/avr/4.3.3/avr5\libgcc.a(_thenan_sf.o)
 .debug_info    0x00001905      0x206 d:/tools/sdk/imt_sdk_win_64/imt_sdk_win_64/winavr/bin/../lib/gcc/avr/4.3.3/avr5\libgcc.a(_usi_to_sf.o)
 .debug_info    0x00001b0b      0x117 d:/tools/sdk/imt_sdk_win_64/imt_sdk_win_64/winavr/bin/../lib/gcc/avr/4.3.3/avr5\libgcc.a(_clzsi2.o)
 .debug_info    0x00001c22      0x2df d:/tools/sdk/imt_sdk_win_64/imt_sdk_win_64/winavr/bin/../lib/gcc/avr/4.3.3/avr5\libgcc.a(_pack_sf.o)
 .debug_info    0x00001f01      0x251 d:/tools/sdk/imt_sdk_win_64/imt_sdk_win_64/winavr/bin/../lib/gcc/avr/4.3.3/avr5\libgcc.a(_unpack_sf.o)
 .debug_info    0x00002152      0x210 d:/tools/sdk/imt_sdk_win_64/imt_sdk_win_64/winavr/bin/../lib/gcc/avr/4.3.3/avr5\libgcc.a(_fpcmp_parts_sf.o)
 .debug_info    0x00002362       0xa9 d:/tools/sdk/imt_sdk_win_64/imt_sdk_win_64/winavr/bin/../lib/gcc/avr/4.3.3/avr5\libgcc.a(_clz.o)
 *(.gnu.linkonce.wi.*)

.debug_abbrev   0x00000000     0x1386
 *(.debug_abbrev)
 .debug_abbrev  0x00000000       0x5d d:/tools/sdk/imt_sdk_win_64/imt_sdk_win_64/winavr/bin/../lib/gcc/avr/4.3.3/avr5\libgcc.a(_fixunssfsi.o)
 .debug_abbrev  0x0000005d      0x1ea d:/tools/sdk/imt_sdk_win_64/imt_sdk_win_64/winavr/bin/../lib/gcc/avr/4.3.3/avr5\libgcc.a(_addsub_sf.o)
 .debug_abbrev  0x00000247      0x21b d:/tools/sdk/imt_sdk_win_64/imt_sdk_win_64/winavr/bin/../lib/gcc/avr/4.3.3/avr5\libgcc.a(_mul_sf.o)
 .debug_abbrev  0x00000462      0x216 d:/tools/sdk/imt_sdk_win_64/imt_sdk_win_64/winavr/bin/../lib/gcc/avr/4.3.3/avr5\libgcc.a(_div_sf.o)
 .debug_abbrev  0x00000678      0x15a d:/tools/sdk/imt_sdk_win_64/imt_sdk_win_64/winavr/bin/../lib/gcc/avr/4.3.3/avr5\libgcc.a(_gt_sf.o)
 .debug_abbrev  0x000007d2      0x15a d:/tools/sdk/imt_sdk_win_64/imt_sdk_win_64/winavr/bin/../lib/gcc/avr/4.3.3/avr5\libgcc.a(_ge_sf.o)
 .debug_abbrev  0x0000092c      0x15a d:/tools/sdk/imt_sdk_win_64/imt_sdk_win_64/winavr/bin/../lib/gcc/avr/4.3.3/avr5\libgcc.a(_lt_sf.o)
 .debug_abbrev  0x00000a86      0x17f d:/tools/sdk/imt_sdk_win_64/imt_sdk_win_64/winavr/bin/../lib/gcc/avr/4.3.3/avr5\libgcc.a(_sf_to_si.o)
 .debug_abbrev  0x00000c05       0xad d:/tools/sdk/imt_sdk_win_64/imt_sdk_win_64/winavr/bin/../lib/gcc/avr/4.3.3/avr5\libgcc.a(_thenan_sf.o)
 .debug_abbrev  0x00000cb2      0x157 d:/tools/sdk/imt_sdk_win_64/imt_sdk_win_64/winavr/bin/../lib/gcc/avr/4.3.3/avr5\libgcc.a(_usi_to_sf.o)
 .debug_abbrev  0x00000e09       0xc4 d:/tools/sdk/imt_sdk_win_64/imt_sdk_win_64/winavr/bin/../lib/gcc/avr/4.3.3/avr5\libgcc.a(_clzsi2.o)
 .debug_abbrev  0x00000ecd      0x1c0 d:/tools/sdk/imt_sdk_win_64/imt_sdk_win_64/winavr/bin/../lib/gcc/avr/4.3.3/avr5\libgcc.a(_pack_sf.o)
 .debug_abbrev  0x0000108d      0x154 d:/tools/sdk/imt_sdk_win_64/imt_sdk_win_64/winavr/bin/../lib/gcc/avr/4.3.3/avr5\libgcc.a(_unpack_sf.o)
 .debug_abbrev  0x000011e1      0x13b d:/tools/sdk/imt_sdk_win_64/imt_sdk_win_64/winavr/bin/../lib/gcc/avr/4.3.3/avr5\libgcc.a(_fpcmp_parts_sf.o)
 .debug_abbrev  0x0000131c       0x6a d:/tools/sdk/imt_sdk_win_64/imt_sdk_win_64/winavr/bin/../lib/gcc/avr/4.3.3/avr5\libgcc.a(_clz.o)

.debug_line     0x00000000     0x11d6
 *(.debug_line)
 .debug_line    0x00000000       0xa7 d:/tools/sdk/imt_sdk_win_64/imt_sdk_win_64/winavr/bin/../lib/gcc/avr/4.3.3/avr5\libgcc.a(_fixunssfsi.o)
 .debug_line    0x000000a7      0x2af d:/tools/sdk/imt_sdk_win_64/imt_sdk_win_64/winavr/bin/../lib/gcc/avr/4.3.3/avr5\libgcc.a(_addsub_sf.o)
 .debug_line    0x00000356      0x239 d:/tools/sdk/imt_sdk_win_64/imt_sdk_win_64/winavr/bin/../lib/gcc/avr/4.3.3/avr5\libgcc.a(_mul_sf.o)
 .debug_line    0x0000058f      0x1d5 d:/tools/sdk/imt_sdk_win_64/imt_sdk_win_64/winavr/bin/../lib/gcc/avr/4.3.3/avr5\libgcc.a(_div_sf.o)
 .debug_line    0x00000764       0xd3 d:/tools/sdk/imt_sdk_win_64/imt_sdk_win_64/winavr/bin/../lib/gcc/avr/4.3.3/avr5\libgcc.a(_gt_sf.o)
 .debug_line    0x00000837       0xd3 d:/tools/sdk/imt_sdk_win_64/imt_sdk_win_64/winavr/bin/../lib/gcc/avr/4.3.3/avr5\libgcc.a(_ge_sf.o)
 .debug_line    0x0000090a       0xd3 d:/tools/sdk/imt_sdk_win_64/imt_sdk_win_64/winavr/bin/../lib/gcc/avr/4.3.3/avr5\libgcc.a(_lt_sf.o)
 .debug_line    0x000009dd      0x109 d:/tools/sdk/imt_sdk_win_64/imt_sdk_win_64/winavr/bin/../lib/gcc/avr/4.3.3/avr5\libgcc.a(_sf_to_si.o)
 .debug_line    0x00000ae6       0x90 d:/tools/sdk/imt_sdk_win_64/imt_sdk_win_64/winavr/bin/../lib/gcc/avr/4.3.3/avr5\libgcc.a(_thenan_sf.o)
 .debug_line    0x00000b76      0x133 d:/tools/sdk/imt_sdk_win_64/imt_sdk_win_64/winavr/bin/../lib/gcc/avr/4.3.3/avr5\libgcc.a(_usi_to_sf.o)
 .debug_line    0x00000ca9       0xa5 d:/tools/sdk/imt_sdk_win_64/imt_sdk_win_64/winavr/bin/../lib/gcc/avr/4.3.3/avr5\libgcc.a(_clzsi2.o)
 .debug_line    0x00000d4e      0x18a d:/tools/sdk/imt_sdk_win_64/imt_sdk_win_64/winavr/bin/../lib/gcc/avr/4.3.3/avr5\libgcc.a(_pack_sf.o)
 .debug_line    0x00000ed8      0x14b d:/tools/sdk/imt_sdk_win_64/imt_sdk_win_64/winavr/bin/../lib/gcc/avr/4.3.3/avr5\libgcc.a(_unpack_sf.o)
 .debug_line    0x00001023      0x137 d:/tools/sdk/imt_sdk_win_64/imt_sdk_win_64/winavr/bin/../lib/gcc/avr/4.3.3/avr5\libgcc.a(_fpcmp_parts_sf.o)
 .debug_line    0x0000115a       0x7c d:/tools/sdk/imt_sdk_win_64/imt_sdk_win_64/winavr/bin/../lib/gcc/avr/4.3.3/avr5\libgcc.a(_clz.o)

.debug_frame    0x00000000      0x1c0
 *(.debug_frame)
 .debug_frame   0x00000000       0x20 d:/tools/sdk/imt_sdk_win_64/imt_sdk_win_64/winavr/bin/../lib/gcc/avr/4.3.3/avr5\libgcc.a(_fixunssfsi.o)
 .debug_frame   0x00000020       0x40 d:/tools/sdk/imt_sdk_win_64/imt_sdk_win_64/winavr/bin/../lib/gcc/avr/4.3.3/avr5\libgcc.a(_addsub_sf.o)
 .debug_frame   0x00000060       0x20 d:/tools/sdk/imt_sdk_win_64/imt_sdk_win_64/winavr/bin/../lib/gcc/avr/4.3.3/avr5\libgcc.a(_mul_sf.o)
 .debug_frame   0x00000080       0x20 d:/tools/sdk/imt_sdk_win_64/imt_sdk_win_64/winavr/bin/../lib/gcc/avr/4.3.3/avr5\libgcc.a(_div_sf.o)
 .debug_frame   0x000000a0       0x20 d:/tools/sdk/imt_sdk_win_64/imt_sdk_win_64/winavr/bin/../lib/gcc/avr/4.3.3/avr5\libgcc.a(_gt_sf.o)
 .debug_frame   0x000000c0       0x20 d:/tools/sdk/imt_sdk_win_64/imt_sdk_win_64/winavr/bin/../lib/gcc/avr/4.3.3/avr5\libgcc.a(_ge_sf.o)
 .debug_frame   0x000000e0       0x20 d:/tools/sdk/imt_sdk_win_64/imt_sdk_win_64/winavr/bin/../lib/gcc/avr/4.3.3/avr5\libgcc.a(_lt_sf.o)
 .debug_frame   0x00000100       0x20 d:/tools/sdk/imt_sdk_win_64/imt_sdk_win_64/winavr/bin/../lib/gcc/avr/4.3.3/avr5\libgcc.a(_sf_to_si.o)
 .debug_frame   0x00000120       0x20 d:/tools/sdk/imt_sdk_win_64/imt_sdk_win_64/winavr/bin/../lib/gcc/avr/4.3.3/avr5\libgcc.a(_usi_to_sf.o)
 .debug_frame   0x00000140       0x20 d:/tools/sdk/imt_sdk_win_64/imt_sdk_win_64/winavr/bin/../lib/gcc/avr/4.3.3/avr5\libgcc.a(_clzsi2.o)
 .debug_frame   0x00000160       0x20 d:/tools/sdk/imt_sdk_win_64/imt_sdk_win_64/winavr/bin/../lib/gcc/avr/4.3.3/avr5\libgcc.a(_pack_sf.o)
 .debug_frame   0x00000180       0x20 d:/tools/sdk/imt_sdk_win_64/imt_sdk_win_64/winavr/bin/../lib/gcc/avr/4.3.3/avr5\libgcc.a(_unpack_sf.o)
 .debug_frame   0x000001a0       0x20 d:/tools/sdk/imt_sdk_win_64/imt_sdk_win_64/winavr/bin/../lib/gcc/avr/4.3.3/avr5\libgcc.a(_fpcmp_parts_sf.o)

.debug_str      0x00000000      0x2f6
 *(.debug_str)
 .debug_str     0x00000000       0xbf d:/tools/sdk/imt_sdk_win_64/imt_sdk_win_64/winavr/bin/../lib/gcc/avr/4.3.3/avr5\libgcc.a(_fixunssfsi.o)
                                 0xfe (size before relaxing)
 .debug_str     0x000000bf      0x14d d:/tools/sdk/imt_sdk_win_64/imt_sdk_win_64/winavr/bin/../lib/gcc/avr/4.3.3/avr5\libgcc.a(_addsub_sf.o)
                                0x206 (size before relaxing)
 .debug_str     0x0000020c       0x27 d:/tools/sdk/imt_sdk_win_64/imt_sdk_win_64/winavr/bin/../lib/gcc/avr/4.3.3/avr5\libgcc.a(_mul_sf.o)
                                0x1bf (size before relaxing)
 .debug_str     0x00000233       0x35 d:/tools/sdk/imt_sdk_win_64/imt_sdk_win_64/winavr/bin/../lib/gcc/avr/4.3.3/avr5\libgcc.a(_div_sf.o)
                                0x1c8 (size before relaxing)
 .debug_str     0x00000268        0x8 d:/tools/sdk/imt_sdk_win_64/imt_sdk_win_64/winavr/bin/../lib/gcc/avr/4.3.3/avr5\libgcc.a(_gt_sf.o)
                                0x195 (size before relaxing)
 .debug_str     0x00000270        0x8 d:/tools/sdk/imt_sdk_win_64/imt_sdk_win_64/winavr/bin/../lib/gcc/avr/4.3.3/avr5\libgcc.a(_ge_sf.o)
                                0x195 (size before relaxing)
 .debug_str     0x00000278        0x8 d:/tools/sdk/imt_sdk_win_64/imt_sdk_win_64/winavr/bin/../lib/gcc/avr/4.3.3/avr5\libgcc.a(_lt_sf.o)
                                0x195 (size before relaxing)
 .debug_str     0x00000280        0xa d:/tools/sdk/imt_sdk_win_64/imt_sdk_win_64/winavr/bin/../lib/gcc/avr/4.3.3/avr5\libgcc.a(_sf_to_si.o)
                                0x19e (size before relaxing)
 .debug_str     0x00000000      0x103 d:/tools/sdk/imt_sdk_win_64/imt_sdk_win_64/winavr/bin/../lib/gcc/avr/4.3.3/avr5\libgcc.a(_thenan_sf.o)
 .debug_str     0x0000028a       0x21 d:/tools/sdk/imt_sdk_win_64/imt_sdk_win_64/winavr/bin/../lib/gcc/avr/4.3.3/avr5\libgcc.a(_usi_to_sf.o)
                                0x177 (size before relaxing)
 .debug_str     0x000002ab       0x20 d:/tools/sdk/imt_sdk_win_64/imt_sdk_win_64/winavr/bin/../lib/gcc/avr/4.3.3/avr5\libgcc.a(_clzsi2.o)
                                0x111 (size before relaxing)
 .debug_str     0x000002cb       0x10 d:/tools/sdk/imt_sdk_win_64/imt_sdk_win_64/winavr/bin/../lib/gcc/avr/4.3.3/avr5\libgcc.a(_pack_sf.o)
                                0x19d (size before relaxing)
 .debug_str     0x000002db        0xb d:/tools/sdk/imt_sdk_win_64/imt_sdk_win_64/winavr/bin/../lib/gcc/avr/4.3.3/avr5\libgcc.a(_unpack_sf.o)
                                0x17f (size before relaxing)
 .debug_str     0x000002e6       0x10 d:/tools/sdk/imt_sdk_win_64/imt_sdk_win_64/winavr/bin/../lib/gcc/avr/4.3.3/avr5\libgcc.a(_fpcmp_parts_sf.o)
                                0x163 (size before relaxing)
 .debug_str     0x00000000       0xf4 d:/tools/sdk/imt_sdk_win_64/imt_sdk_win_64/winavr/bin/../lib/gcc/avr/4.3.3/avr5\libgcc.a(_clz.o)

.debug_loc      0x00000000      0x96e
 *(.debug_loc)
 .debug_loc     0x00000000       0x34 d:/tools/sdk/imt_sdk_win_64/imt_sdk_win_64/winavr/bin/../lib/gcc/avr/4.3.3/avr5\libgcc.a(_fixunssfsi.o)
 .debug_loc     0x00000034      0x32a d:/tools/sdk/imt_sdk_win_64/imt_sdk_win_64/winavr/bin/../lib/gcc/avr/4.3.3/avr5\libgcc.a(_addsub_sf.o)
 .debug_loc     0x0000035e      0x104 d:/tools/sdk/imt_sdk_win_64/imt_sdk_win_64/winavr/bin/../lib/gcc/avr/4.3.3/avr5\libgcc.a(_mul_sf.o)
 .debug_loc     0x00000462       0xc0 d:/tools/sdk/imt_sdk_win_64/imt_sdk_win_64/winavr/bin/../lib/gcc/avr/4.3.3/avr5\libgcc.a(_div_sf.o)
 .debug_loc     0x00000522       0x3c d:/tools/sdk/imt_sdk_win_64/imt_sdk_win_64/winavr/bin/../lib/gcc/avr/4.3.3/avr5\libgcc.a(_gt_sf.o)
 .debug_loc     0x0000055e       0x3c d:/tools/sdk/imt_sdk_win_64/imt_sdk_win_64/winavr/bin/../lib/gcc/avr/4.3.3/avr5\libgcc.a(_ge_sf.o)
 .debug_loc     0x0000059a       0x3c d:/tools/sdk/imt_sdk_win_64/imt_sdk_win_64/winavr/bin/../lib/gcc/avr/4.3.3/avr5\libgcc.a(_lt_sf.o)
 .debug_loc     0x000005d6       0x7e d:/tools/sdk/imt_sdk_win_64/imt_sdk_win_64/winavr/bin/../lib/gcc/avr/4.3.3/avr5\libgcc.a(_sf_to_si.o)
 .debug_loc     0x00000654       0x4c d:/tools/sdk/imt_sdk_win_64/imt_sdk_win_64/winavr/bin/../lib/gcc/avr/4.3.3/avr5\libgcc.a(_usi_to_sf.o)
 .debug_loc     0x000006a0       0x94 d:/tools/sdk/imt_sdk_win_64/imt_sdk_win_64/winavr/bin/../lib/gcc/avr/4.3.3/avr5\libgcc.a(_clzsi2.o)
 .debug_loc     0x00000734      0x13e d:/tools/sdk/imt_sdk_win_64/imt_sdk_win_64/winavr/bin/../lib/gcc/avr/4.3.3/avr5\libgcc.a(_pack_sf.o)
 .debug_loc     0x00000872       0xac d:/tools/sdk/imt_sdk_win_64/imt_sdk_win_64/winavr/bin/../lib/gcc/avr/4.3.3/avr5\libgcc.a(_unpack_sf.o)
 .debug_loc     0x0000091e       0x50 d:/tools/sdk/imt_sdk_win_64/imt_sdk_win_64/winavr/bin/../lib/gcc/avr/4.3.3/avr5\libgcc.a(_fpcmp_parts_sf.o)

.debug_macinfo
 *(.debug_macinfo)
OUTPUT(NEW_COT_TEST_2022.elf elf32-avr)
LOAD linker stubs

.debug_ranges   0x00000000       0x50
 .debug_ranges  0x00000000       0x50 d:/tools/sdk/imt_sdk_win_64/imt_sdk_win_64/winavr/bin/../lib/gcc/avr/4.3.3/avr5\libgcc.a(_mul_sf.o)
